<html>
<body>
<pre>
<h1>µVision Build Log</h1>
<h2>Tool Versions:</h2>
IDE-Version: µVision V5.31.0.0
Copyright (C) 2020 ARM Ltd and ARM Germany GmbH. All rights reserved.
License Information: hgfsddgkd sddhfgh, dfhfgjfh, LIC=----
 
Tool Versions:
Toolchain:       MDK-Lite  Version: 5.31.0.0
Toolchain Path:  C:\Keil_v5\ARM\ARMCLANG\Bin
C Compiler:      ArmClang.exe V6.14
Assembler:       Armasm.exe V6.14
Linker/Locator:  ArmLink.exe V6.14
Library Manager: ArmAr.exe V6.14
Hex Converter:   FromElf.exe V6.14
CPU DLL:         SARMCM3.DLL V5.31.0.0
Dialog DLL:      DCM.DLL V1.17.3.0
Target DLL:      STLink\ST-LINKIII-KEIL_SWO.dll V3.0.7.0
Dialog DLL:      TCM.DLL V1.46.0.0
 
<h2>Project:</h2>
C:\Users\DELL\Documents\Keil uVision\I2C\Demo.uvprojx
Project File Date:  09/28/2020

<h2>Output:</h2>
*** Using Compiler 'V6.14', folder: 'C:\Keil_v5\ARM\ARMCLANG\Bin'
Rebuild target 'Target 1'
compiling main.c...
main.c(7): warning: signed shift result (0x80000000) sets the sign bit of the shift expression's type ('int') and becomes negative [-Wshift-sign-overflow]
        GPIOB->CRL|=(1<<28|1<<31|30);
                           ~^ ~~
main.c(7): warning: implicit conversion changes signedness: 'int' to 'unsigned int' [-Wsign-conversion]
        GPIOB->CRL|=(1<<28|1<<31|30);
                  ~~ ~~~~~~~~~~~^~~
main.c(8): warning: implicit conversion changes signedness: 'int' to 'unsigned int' [-Wsign-conversion]
        GPIOB->CRL&=~(1<<29|25);
                  ~~^~~~~~~~~~~
main.c(13): warning: binary integer literals are a GNU extension [-Wgnu-binary-literal]
I2C1->CR2=0b001000;//8Mhz selected FREQ
          ^
main.c(3): warning: no previous prototype for function 'i2c_init' [-Wmissing-prototypes]
void i2c_init(void)
     ^
main.c(3): note: declare 'static' if the function is not intended to be used outside of this translation unit
void i2c_init(void)
^
static 
main.c(27): warning: no previous prototype for function 'i2c_slave_address' [-Wmissing-prototypes]
void i2c_slave_address(unsigned char address)
     ^
main.c(27): note: declare 'static' if the function is not intended to be used outside of this translation unit
void i2c_slave_address(unsigned char address)
^
static 
main.c(47): warning: no previous prototype for function 'i2c_transmit' [-Wmissing-prototypes]
void i2c_transmit(unsigned char data)
     ^
main.c(47): note: declare 'static' if the function is not intended to be used outside of this translation unit
void i2c_transmit(unsigned char data)
^
static 
main.c(56): warning: no previous prototype for function 'i2c_stop' [-Wmissing-prototypes]
void i2c_stop(void)
     ^
main.c(56): note: declare 'static' if the function is not intended to be used outside of this translation unit
void i2c_stop(void)
^
static 
main.c(63): warning: no previous prototype for function 'i2c_transmit_string' [-Wmissing-prototypes]
void i2c_transmit_string(char *p)
     ^
main.c(63): note: declare 'static' if the function is not intended to be used outside of this translation unit
void i2c_transmit_string(char *p)
^
static 
9 warnings generated.
assembling startup_stm32f10x_md.s...
compiling system_stm32f10x.c...
RTE/Device/STM32F103C8/system_stm32f10x.c(167): warning: no previous extern declaration for non-static variable 'AHBPrescTable' [-Wmissing-variable-declarations]
__I uint8_t AHBPrescTable[16] = {0, 0, 0, 0, 0, 0, 0, 0, 1, 2, 3, 4, 6, 7, 8, 9};
            ^
RTE/Device/STM32F103C8/system_stm32f10x.c(167): note: declare 'static' if the variable is not intended to be used outside of this translation unit
__I uint8_t AHBPrescTable[16] = {0, 0, 0, 0, 0, 0, 0, 0, 1, 2, 3, 4, 6, 7, 8, 9};
    ^
1 warning generated.
linking...
Program Size: Code=914 RO-data=266 RW-data=0 ZI-data=1632  
FromELF: creating hex file...
".\Objects\Demo.axf" - 0 Error(s), 10 Warning(s).

<h2>Software Packages used:</h2>

Package Vendor: ARM
                http://www.keil.com/pack/ARM.CMSIS.5.7.0.pack
                ARM.CMSIS.5.7.0
                CMSIS (Cortex Microcontroller Software Interface Standard)
   * Component: CORE Version: 5.4.0

Package Vendor: Keil
                http://www.keil.com/pack/Keil.STM32F1xx_DFP.2.3.0.pack
                Keil.STM32F1xx_DFP.2.3.0
                STMicroelectronics STM32F1 Series Device Support, Drivers and Examples
   * Component: Startup Version: 1.0.0

<h2>Collection of Component include folders:</h2>
  .\RTE\Device\STM32F103C8
  .\RTE\_Target_1
  C:\Users\DELL\AppData\Local\Arm\Packs\ARM\CMSIS\5.7.0\CMSIS\Core\Include
  C:\Users\DELL\AppData\Local\Arm\Packs\Keil\STM32F1xx_DFP\2.3.0\Device\Include

<h2>Collection of Component Files used:</h2>

   * Component: ARM::CMSIS:CORE:5.4.0

   * Component: Keil::Device:Startup:1.0.0
      Source file:   Device\Source\ARM\startup_stm32f10x_md.s
      Source file:   Device\Source\system_stm32f10x.c
      Include file:  RTE_Driver\Config\RTE_Device.h
      Source file:   Device\Source\ARM\STM32F1xx_OPT.s
Build Time Elapsed:  00:00:01
</pre>
</body>
</html>
